  Determining projects to restore...
  All projects are up-to-date for restore.
C:\Users\rkpra\Desktop\oneDirectionCore\ui\dotnet\OneDirectionCore\App.xaml.cs(7,28): error CS0104: 'Application' is an ambiguous reference between 'System.Windows.Forms.Application' and 'System.Windows.Application' [C:\Users\rkpra\Desktop\oneDirectionCore\ui\dotnet\OneDirectionCore\OneDirectionCore.csproj]
C:\Users\rkpra\Desktop\oneDirectionCore\ui\dotnet\OneDirectionCore\OverlayWindow.xaml.cs(264,63): error CS0104: 'Color' is an ambiguous reference between 'System.Drawing.Color' and 'System.Windows.Media.Color' [C:\Users\rkpra\Desktop\oneDirectionCore\ui\dotnet\OneDirectionCore\OneDirectionCore.csproj]
C:\Users\rkpra\Desktop\oneDirectionCore\ui\dotnet\OneDirectionCore\OverlayWindow.xaml.cs(276,75): error CS0104: 'Color' is an ambiguous reference between 'System.Drawing.Color' and 'System.Windows.Media.Color' [C:\Users\rkpra\Desktop\oneDirectionCore\ui\dotnet\OneDirectionCore\OneDirectionCore.csproj]
C:\Users\rkpra\Desktop\oneDirectionCore\ui\dotnet\OneDirectionCore\OverlayWindow.xaml.cs(297,78): error CS0104: 'Color' is an ambiguous reference between 'System.Drawing.Color' and 'System.Windows.Media.Color' [C:\Users\rkpra\Desktop\oneDirectionCore\ui\dotnet\OneDirectionCore\OneDirectionCore.csproj]
C:\Users\rkpra\Desktop\oneDirectionCore\ui\dotnet\OneDirectionCore\OverlayWindow.xaml.cs(42,26): error CS0104: 'Color' is an ambiguous reference between 'System.Drawing.Color' and 'System.Windows.Media.Color' [C:\Users\rkpra\Desktop\oneDirectionCore\ui\dotnet\OneDirectionCore\OneDirectionCore.csproj]
C:\Users\rkpra\Desktop\oneDirectionCore\ui\dotnet\OneDirectionCore\OverlayWindow.xaml.cs(43,26): error CS0104: 'Color' is an ambiguous reference between 'System.Drawing.Color' and 'System.Windows.Media.Color' [C:\Users\rkpra\Desktop\oneDirectionCore\ui\dotnet\OneDirectionCore\OneDirectionCore.csproj]

Build FAILED.

C:\Users\rkpra\Desktop\oneDirectionCore\ui\dotnet\OneDirectionCore\App.xaml.cs(7,28): error CS0104: 'Application' is an ambiguous reference between 'System.Windows.Forms.Application' and 'System.Windows.Application' [C:\Users\rkpra\Desktop\oneDirectionCore\ui\dotnet\OneDirectionCore\OneDirectionCore.csproj]
C:\Users\rkpra\Desktop\oneDirectionCore\ui\dotnet\OneDirectionCore\OverlayWindow.xaml.cs(264,63): error CS0104: 'Color' is an ambiguous reference between 'System.Drawing.Color' and 'System.Windows.Media.Color' [C:\Users\rkpra\Desktop\oneDirectionCore\ui\dotnet\OneDirectionCore\OneDirectionCore.csproj]
C:\Users\rkpra\Desktop\oneDirectionCore\ui\dotnet\OneDirectionCore\OverlayWindow.xaml.cs(276,75): error CS0104: 'Color' is an ambiguous reference between 'System.Drawing.Color' and 'System.Windows.Media.Color' [C:\Users\rkpra\Desktop\oneDirectionCore\ui\dotnet\OneDirectionCore\OneDirectionCore.csproj]
C:\Users\rkpra\Desktop\oneDirectionCore\ui\dotnet\OneDirectionCore\OverlayWindow.xaml.cs(297,78): error CS0104: 'Color' is an ambiguous reference between 'System.Drawing.Color' and 'System.Windows.Media.Color' [C:\Users\rkpra\Desktop\oneDirectionCore\ui\dotnet\OneDirectionCore\OneDirectionCore.csproj]
C:\Users\rkpra\Desktop\oneDirectionCore\ui\dotnet\OneDirectionCore\OverlayWindow.xaml.cs(42,26): error CS0104: 'Color' is an ambiguous reference between 'System.Drawing.Color' and 'System.Windows.Media.Color' [C:\Users\rkpra\Desktop\oneDirectionCore\ui\dotnet\OneDirectionCore\OneDirectionCore.csproj]
C:\Users\rkpra\Desktop\oneDirectionCore\ui\dotnet\OneDirectionCore\OverlayWindow.xaml.cs(43,26): error CS0104: 'Color' is an ambiguous reference between 'System.Drawing.Color' and 'System.Windows.Media.Color' [C:\Users\rkpra\Desktop\oneDirectionCore\ui\dotnet\OneDirectionCore\OneDirectionCore.csproj]
    0 Warning(s)
    6 Error(s)

Time Elapsed 00:00:01.04
